launcher started
starting examples/mouth-size-coverage-grid/25deg/200x200
Could not find Gmsh.Interactive plotting and shapes module not available.
Could not find Gmsh.Interactive plotting and shapes module not available.
NumCalc plan: 20 single-thread frequency processes; 0.284 GiB/process including headroom; 48.0 GiB limit; 49 pending
completed 4489.848193237 Hz in 7.73s
completed 3775.497250727 Hz in 7.84s
completed 5039.684199579 Hz in 7.96s
completed 4000.000000000 Hz in 7.87s
completed 7550.994501454 Hz in 8.03s
completed 6727.171322030 Hz in 7.98s
completed 6349.604207873 Hz in 8.01s
completed 4756.828460011 Hz in 8.01s
completed 5339.359416680 Hz in 8.01s
completed 3563.594872561 Hz in 7.94s
completed 3363.585661015 Hz in 7.93s
completed 7127.189745123 Hz in 8.05s
completed 4237.852377437 Hz in 8.04s
completed 5993.228307507 Hz in 8.08s
completed 8000.000000000 Hz in 8.21s
completed 3174.802103936 Hz in 8.13s
completed 2828.427124746 Hz in 8.14s
completed 2996.614153753 Hz in 8.18s
completed 5656.854249492 Hz in 8.36s
completed 2669.679708340 Hz in 8.29s
completed 2519.842099790 Hz in 7.98s
completed 2244.924096619 Hz in 7.95s
completed 2000.000000000 Hz in 8.10s
completed 2378.414230005 Hz in 8.25s
completed 1887.748625363 Hz in 8.21s
completed 2118.926188719 Hz in 8.33s
completed 1498.307076877 Hz in 8.35s
completed 1681.792830507 Hz in 8.35s
completed 1781.797436281 Hz in 8.37s
completed 1587.401051968 Hz in 8.45s
completed 1414.213562373 Hz in 8.52s
completed 1334.839854170 Hz in 8.54s
completed 1189.207115003 Hz in 8.85s
completed 1259.921049895 Hz in 8.92s
completed 1122.462048309 Hz in 14.75s
completed 943.874312682 Hz in 14.94s
completed 1059.463094359 Hz in 15.15s
completed 1000.000000000 Hz in 15.18s
completed 890.898718140 Hz in 15.31s
completed 840.896415254 Hz in 15.25s
completed 793.700525984 Hz in 13.74s
completed 707.106781187 Hz in 13.48s
completed 667.419927085 Hz in 13.54s
completed 749.153538438 Hz in 13.83s
completed 500.000000000 Hz in 13.39s
completed 629.960524947 Hz in 13.74s
completed 594.603557501 Hz in 13.69s
completed 561.231024155 Hz in 13.56s
completed 529.731547180 Hz in 13.67s
Could not find Gmsh.Interactive plotting and shapes module not available.
NumCalc plan: 20 single-thread frequency processes; 0.337 GiB/process including headroom; 48.0 GiB limit; 49 pending
completed 7127.189745123 Hz in 8.82s
completed 5656.854249492 Hz in 8.80s
completed 4756.828460011 Hz in 8.73s
completed 4000.000000000 Hz in 8.83s
completed 5039.684199579 Hz in 8.90s
completed 3775.497250727 Hz in 8.77s
completed 3563.594872561 Hz in 8.91s
completed 4489.848193237 Hz in 8.92s
completed 5993.228307507 Hz in 9.03s
completed 4237.852377437 Hz in 8.91s
completed 6349.604207873 Hz in 9.04s
completed 8000.000000000 Hz in 9.13s
completed 3363.585661015 Hz in 8.95s
completed 7550.994501454 Hz in 9.18s
completed 5339.359416680 Hz in 9.09s
completed 6727.171322030 Hz in 9.18s
completed 3174.802103936 Hz in 9.08s
completed 2996.614153753 Hz in 9.09s
completed 2828.427124746 Hz in 9.12s
completed 2669.679708340 Hz in 9.46s
completed 2519.842099790 Hz in 8.94s
completed 2378.414230005 Hz in 9.13s
completed 2244.924096619 Hz in 9.28s
completed 2000.000000000 Hz in 9.40s
completed 1587.401051968 Hz in 9.47s
completed 1887.748625363 Hz in 9.57s
completed 2118.926188719 Hz in 9.59s
completed 1681.792830507 Hz in 9.53s
completed 1498.307076877 Hz in 9.61s
completed 1334.839854170 Hz in 9.73s
completed 1781.797436281 Hz in 9.89s
completed 1414.213562373 Hz in 9.91s
completed 1189.207115003 Hz in 10.02s
completed 1122.462048309 Hz in 10.01s
completed 1259.921049895 Hz in 10.33s
completed 1059.463094359 Hz in 18.04s
completed 943.874312682 Hz in 18.19s
completed 1000.000000000 Hz in 18.41s
completed 890.898718140 Hz in 18.34s
completed 840.896415254 Hz in 18.46s
completed 793.700525984 Hz in 17.15s
completed 749.153538438 Hz in 17.05s
completed 707.106781187 Hz in 17.11s
completed 561.231024155 Hz in 16.68s
completed 667.419927085 Hz in 16.88s
completed 594.603557501 Hz in 16.77s
completed 529.731547180 Hz in 16.77s
completed 500.000000000 Hz in 16.84s
completed 629.960524947 Hz in 17.00s
Could not find Gmsh.Interactive plotting and shapes module not available.
NumCalc plan: 20 single-thread frequency processes; 0.303 GiB/process including headroom; 48.0 GiB limit; 49 pending
completed 4000.000000000 Hz in 7.56s
completed 5039.684199579 Hz in 8.33s
completed 5339.359416680 Hz in 8.44s
completed 5656.854249492 Hz in 8.45s
completed 8000.000000000 Hz in 8.54s
completed 7550.994501454 Hz in 8.59s
completed 4756.828460011 Hz in 8.57s
completed 3563.594872561 Hz in 8.55s
completed 5993.228307507 Hz in 8.66s
completed 2669.679708340 Hz in 8.53s
completed 4489.848193237 Hz in 8.58s
completed 6349.604207873 Hz in 8.71s
completed 3775.497250727 Hz in 8.54s
completed 4237.852377437 Hz in 8.64s
completed 6727.171322030 Hz in 8.72s
completed 2828.427124746 Hz in 8.63s
completed 3174.802103936 Hz in 8.69s
completed 3363.585661015 Hz in 8.67s
completed 7127.189745123 Hz in 8.85s
completed 2996.614153753 Hz in 8.96s
completed 2519.842099790 Hz in 8.28s
completed 2378.414230005 Hz in 8.39s
completed 1887.748625363 Hz in 8.38s
completed 2244.924096619 Hz in 8.56s
completed 2118.926188719 Hz in 8.55s
completed 2000.000000000 Hz in 8.65s
completed 1498.307076877 Hz in 8.75s
completed 1681.792830507 Hz in 8.85s
completed 1587.401051968 Hz in 8.99s
completed 1334.839854170 Hz in 8.96s
completed 1414.213562373 Hz in 9.12s
completed 1781.797436281 Hz in 9.24s
completed 1259.921049895 Hz in 9.11s
completed 1189.207115003 Hz in 9.45s
completed 1122.462048309 Hz in 9.43s
completed 1000.000000000 Hz in 17.33s
completed 1059.463094359 Hz in 17.37s
completed 943.874312682 Hz in 17.53s
completed 890.898718140 Hz in 17.62s
completed 840.896415254 Hz in 17.63s
completed 793.700525984 Hz in 16.08s
completed 749.153538438 Hz in 15.57s
completed 707.106781187 Hz in 15.63s
completed 629.960524947 Hz in 15.73s
completed 667.419927085 Hz in 15.79s
completed 561.231024155 Hz in 15.65s
completed 594.603557501 Hz in 15.93s
completed 529.731547180 Hz in 15.64s
completed 500.000000000 Hz in 15.63s
Could not find Gmsh.Interactive plotting and shapes module not available.
NumCalc plan: 20 single-thread frequency processes; 0.265 GiB/process including headroom; 48.0 GiB limit; 49 pending
completed 5656.854249492 Hz in 7.39s
completed 4237.852377437 Hz in 7.34s
completed 4000.000000000 Hz in 7.47s
completed 4489.848193237 Hz in 7.69s
completed 7550.994501454 Hz in 7.77s
completed 5039.684199579 Hz in 7.73s
completed 8000.000000000 Hz in 7.83s
completed 3775.497250727 Hz in 7.62s
completed 6727.171322030 Hz in 7.85s
completed 3563.594872561 Hz in 7.75s
completed 5339.359416680 Hz in 7.84s
completed 3363.585661015 Hz in 7.72s
completed 5993.228307507 Hz in 7.92s
completed 3174.802103936 Hz in 7.80s
completed 4756.828460011 Hz in 7.93s
completed 7127.189745123 Hz in 7.96s
completed 2996.614153753 Hz in 7.98s
completed 6349.604207873 Hz in 7.96s
completed 2828.427124746 Hz in 8.00s
completed 2669.679708340 Hz in 8.15s
completed 2519.842099790 Hz in 7.55s
completed 2244.924096619 Hz in 7.46s
completed 2378.414230005 Hz in 7.77s
completed 2000.000000000 Hz in 7.76s
completed 2118.926188719 Hz in 7.81s
completed 1781.797436281 Hz in 7.91s
completed 1587.401051968 Hz in 7.90s
completed 1887.748625363 Hz in 8.00s
completed 1681.792830507 Hz in 8.00s
completed 1414.213562373 Hz in 8.16s
completed 1498.307076877 Hz in 8.21s
completed 1259.921049895 Hz in 8.26s
completed 1334.839854170 Hz in 8.37s
completed 1189.207115003 Hz in 8.42s
completed 1000.000000000 Hz in 14.83s
completed 890.898718140 Hz in 14.79s
completed 1122.462048309 Hz in 15.09s
completed 1059.463094359 Hz in 15.24s
completed 840.896415254 Hz in 15.05s
completed 943.874312682 Hz in 15.38s
completed 793.700525984 Hz in 13.74s
completed 749.153538438 Hz in 13.73s
completed 707.106781187 Hz in 13.64s
completed 667.419927085 Hz in 13.60s
completed 594.603557501 Hz in 13.56s
completed 561.231024155 Hz in 13.59s
completed 629.960524947 Hz in 13.95s
completed 500.000000000 Hz in 13.69s
completed 529.731547180 Hz in 13.78s
Could not find Gmsh.Interactive plotting and shapes module not available.
NumCalc plan: 20 single-thread frequency processes; 0.253 GiB/process including headroom; 48.0 GiB limit; 49 pending
completed 5339.359416680 Hz in 7.96s
completed 4000.000000000 Hz in 7.85s
completed 7127.189745123 Hz in 8.06s
completed 5656.854249492 Hz in 8.02s
completed 4756.828460011 Hz in 8.06s
completed 6727.171322030 Hz in 8.15s
completed 5993.228307507 Hz in 8.13s
completed 3775.497250727 Hz in 8.11s
completed 7550.994501454 Hz in 8.27s
completed 8000.000000000 Hz in 8.29s
completed 6349.604207873 Hz in 8.30s
completed 5039.684199579 Hz in 8.26s
completed 3363.585661015 Hz in 8.23s
completed 4237.852377437 Hz in 8.34s
completed 3563.594872561 Hz in 8.33s
completed 3174.802103936 Hz in 8.31s
completed 4489.848193237 Hz in 8.44s
completed 2828.427124746 Hz in 8.55s
completed 2996.614153753 Hz in 8.73s
completed 2669.679708340 Hz in 8.82s
completed 2519.842099790 Hz in 8.19s
completed 2000.000000000 Hz in 8.06s
completed 2244.924096619 Hz in 8.14s
completed 2378.414230005 Hz in 8.20s
completed 1887.748625363 Hz in 8.17s
completed 2118.926188719 Hz in 8.33s
completed 1587.401051968 Hz in 8.38s
completed 1681.792830507 Hz in 8.47s
completed 1781.797436281 Hz in 8.64s
completed 1498.307076877 Hz in 8.61s
completed 1259.921049895 Hz in 8.68s
completed 1414.213562373 Hz in 8.79s
completed 1189.207115003 Hz in 8.73s
completed 1334.839854170 Hz in 8.83s
completed 1122.462048309 Hz in 14.16s
completed 1059.463094359 Hz in 14.24s
completed 943.874312682 Hz in 14.04s
completed 840.896415254 Hz in 13.99s
completed 1000.000000000 Hz in 14.50s
completed 890.898718140 Hz in 14.21s
completed 707.106781187 Hz in 12.66s
completed 667.419927085 Hz in 12.65s
completed 629.960524947 Hz in 12.56s
completed 793.700525984 Hz in 12.72s
completed 749.153538438 Hz in 12.72s
completed 594.603557501 Hz in 12.61s
completed 529.731547180 Hz in 12.50s
completed 561.231024155 Hz in 12.62s
completed 500.000000000 Hz in 12.66s
search report: examples/mouth-size-coverage-grid/25deg/200x200/search_report.html
status: complete
finished examples/mouth-size-coverage-grid/25deg/200x200 rc=0
examples/mouth-size-coverage-grid/index.html
starting examples/mouth-size-coverage-grid/25deg/250x250
Could not find Gmsh.Interactive plotting and shapes module not available.
Could not find Gmsh.Interactive plotting and shapes module not available.
NumCalc plan: 20 single-thread frequency processes; 0.417 GiB/process including headroom; 48.0 GiB limit; 49 pending
completed 4000.000000000 Hz in 11.97s
completed 5656.854249492 Hz in 12.28s
completed 5993.228307507 Hz in 12.41s
completed 4756.828460011 Hz in 12.35s
completed 3775.497250727 Hz in 12.38s
completed 4237.852377437 Hz in 12.46s
completed 4489.848193237 Hz in 12.47s
completed 5039.684199579 Hz in 12.65s
completed 7127.189745123 Hz in 12.69s
completed 5339.359416680 Hz in 12.66s
completed 7550.994501454 Hz in 12.77s
completed 2996.614153753 Hz in 12.66s
completed 6727.171322030 Hz in 12.82s
completed 2669.679708340 Hz in 12.72s
completed 6349.604207873 Hz in 12.88s
completed 2828.427124746 Hz in 12.83s
completed 3363.585661015 Hz in 12.89s
completed 3563.594872561 Hz in 12.92s
completed 3174.802103936 Hz in 13.06s
completed 8000.000000000 Hz in 13.43s
completed 2519.842099790 Hz in 12.88s
completed 2378.414230005 Hz in 12.66s
completed 2118.926188719 Hz in 12.66s
completed 2000.000000000 Hz in 12.89s
completed 2244.924096619 Hz in 13.40s
completed 1781.797436281 Hz in 13.21s
completed 1887.748625363 Hz in 13.49s
completed 1681.792830507 Hz in 13.47s
completed 1498.307076877 Hz in 13.47s
completed 1587.401051968 Hz in 13.52s
completed 1414.213562373 Hz in 13.76s
completed 1189.207115003 Hz in 13.69s
completed 1259.921049895 Hz in 13.79s
completed 1334.839854170 Hz in 13.92s
completed 1122.462048309 Hz in 14.01s
completed 1059.463094359 Hz in 14.03s
completed 1000.000000000 Hz in 14.17s
completed 943.874312682 Hz in 14.44s
completed 890.898718140 Hz in 25.36s
completed 840.896415254 Hz in 25.39s
completed 793.700525984 Hz in 22.97s
completed 667.419927085 Hz in 22.57s
completed 749.153538438 Hz in 23.02s
completed 629.960524947 Hz in 22.60s
completed 707.106781187 Hz in 23.61s
completed 594.603557501 Hz in 22.93s
completed 529.731547180 Hz in 22.93s
completed 561.231024155 Hz in 23.11s
completed 500.000000000 Hz in 23.02s
Could not find Gmsh.Interactive plotting and shapes module not available.
NumCalc plan: 20 single-thread frequency processes; 0.508 GiB/process including headroom; 48.0 GiB limit; 49 pending
completed 4000.000000000 Hz in 13.92s
completed 6727.171322030 Hz in 14.14s
completed 3174.802103936 Hz in 14.18s
completed 3775.497250727 Hz in 14.29s
completed 5039.684199579 Hz in 14.36s
completed 3563.594872561 Hz in 14.24s
completed 6349.604207873 Hz in 14.44s
completed 5993.228307507 Hz in 14.46s
completed 4237.852377437 Hz in 14.37s
completed 7127.189745123 Hz in 14.41s
completed 4756.828460011 Hz in 14.52s
completed 5339.359416680 Hz in 14.64s
completed 4489.848193237 Hz in 14.60s
completed 7550.994501454 Hz in 14.69s
completed 3363.585661015 Hz in 14.60s
completed 5656.854249492 Hz in 14.83s
completed 2996.614153753 Hz in 14.64s
completed 2828.427124746 Hz in 14.90s
completed 8000.000000000 Hz in 15.34s
completed 2669.679708340 Hz in 15.18s
completed 2519.842099790 Hz in 14.85s
completed 2378.414230005 Hz in 15.13s
completed 2118.926188719 Hz in 15.51s
completed 2000.000000000 Hz in 15.57s
completed 2244.924096619 Hz in 16.04s
completed 1887.748625363 Hz in 15.94s
completed 1781.797436281 Hz in 16.55s
completed 1498.307076877 Hz in 16.52s
completed 1681.792830507 Hz in 16.59s
completed 1587.401051968 Hz in 16.58s
completed 1189.207115003 Hz in 16.60s
completed 1334.839854170 Hz in 16.76s
completed 1414.213562373 Hz in 16.86s
completed 1259.921049895 Hz in 16.92s
completed 1122.462048309 Hz in 16.87s
completed 1000.000000000 Hz in 16.85s
completed 943.874312682 Hz in 16.76s
completed 890.898718140 Hz in 16.70s
completed 1059.463094359 Hz in 17.31s
completed 840.896415254 Hz in 35.46s
completed 793.700525984 Hz in 34.05s
completed 749.153538438 Hz in 33.76s
completed 500.000000000 Hz in 32.34s
completed 707.106781187 Hz in 33.55s
completed 667.419927085 Hz in 33.59s
completed 529.731547180 Hz in 32.59s
completed 629.960524947 Hz in 33.74s
completed 594.603557501 Hz in 33.96s
completed 561.231024155 Hz in 33.49s
Could not find Gmsh.Interactive plotting and shapes module not available.
NumCalc plan: 20 single-thread frequency processes; 0.451 GiB/process including headroom; 48.0 GiB limit; 49 pending
completed 4000.000000000 Hz in 12.38s
completed 5339.359416680 Hz in 12.97s
completed 7550.994501454 Hz in 12.94s
completed 3775.497250727 Hz in 12.86s
completed 5039.684199579 Hz in 12.99s
completed 4237.852377437 Hz in 13.02s
completed 7127.189745123 Hz in 13.11s
completed 6349.604207873 Hz in 13.17s
completed 4756.828460011 Hz in 13.12s
completed 6727.171322030 Hz in 13.33s
completed 4489.848193237 Hz in 13.32s
completed 3563.594872561 Hz in 13.25s
completed 5656.854249492 Hz in 13.40s
completed 3174.802103936 Hz in 13.26s
completed 3363.585661015 Hz in 13.30s
completed 2828.427124746 Hz in 13.30s
completed 5993.228307507 Hz in 13.48s
completed 2996.614153753 Hz in 13.45s
completed 2669.679708340 Hz in 13.51s
completed 8000.000000000 Hz in 14.13s
completed 2519.842099790 Hz in 12.69s
completed 2378.414230005 Hz in 13.43s
completed 2244.924096619 Hz in 14.02s
completed 2000.000000000 Hz in 14.05s
completed 2118.926188719 Hz in 14.48s
completed 1887.748625363 Hz in 14.38s
completed 1681.792830507 Hz in 14.49s
completed 1781.797436281 Hz in 14.63s
completed 1498.307076877 Hz in 14.71s
completed 1587.401051968 Hz in 14.97s
completed 1189.207115003 Hz in 14.74s
completed 1414.213562373 Hz in 14.87s
completed 1334.839854170 Hz in 15.02s
completed 1059.463094359 Hz in 15.02s
completed 943.874312682 Hz in 14.95s
completed 1122.462048309 Hz in 15.11s
completed 1259.921049895 Hz in 15.28s
completed 1000.000000000 Hz in 15.30s
completed 890.898718140 Hz in 15.89s
completed 840.896415254 Hz in 27.26s
completed 793.700525984 Hz in 26.01s
completed 707.106781187 Hz in 24.59s
completed 749.153538438 Hz in 25.32s
completed 529.731547180 Hz in 24.45s
completed 629.960524947 Hz in 24.89s
completed 594.603557501 Hz in 25.26s
completed 500.000000000 Hz in 24.76s
completed 667.419927085 Hz in 25.71s
completed 561.231024155 Hz in 25.19s
Could not find Gmsh.Interactive plotting and shapes module not available.
NumCalc plan: 20 single-thread frequency processes; 0.389 GiB/process including headroom; 48.0 GiB limit; 49 pending
completed 4000.000000000 Hz in 11.69s
completed 5339.359416680 Hz in 11.93s
completed 4489.848193237 Hz in 11.90s
completed 3563.594872561 Hz in 11.80s
completed 6349.604207873 Hz in 11.91s
completed 3775.497250727 Hz in 12.02s
completed 5039.684199579 Hz in 12.00s
completed 3363.585661015 Hz in 12.04s
completed 7127.189745123 Hz in 12.19s
completed 4237.852377437 Hz in 12.15s
completed 6727.171322030 Hz in 12.24s
completed 5993.228307507 Hz in 12.26s
completed 3174.802103936 Hz in 12.18s
completed 5656.854249492 Hz in 12.48s
completed 4756.828460011 Hz in 12.39s
completed 7550.994501454 Hz in 12.61s
completed 8000.000000000 Hz in 12.58s
completed 2996.614153753 Hz in 12.55s
completed 2669.679708340 Hz in 12.61s
completed 2828.427124746 Hz in 12.62s
completed 2378.414230005 Hz in 11.80s
completed 2519.842099790 Hz in 12.17s
completed 2244.924096619 Hz in 12.20s
completed 2000.000000000 Hz in 12.70s
completed 1681.792830507 Hz in 12.56s
completed 2118.926188719 Hz in 12.78s
completed 1781.797436281 Hz in 12.70s
completed 1587.401051968 Hz in 12.59s
completed 1887.748625363 Hz in 12.96s
completed 1498.307076877 Hz in 12.89s
completed 1414.213562373 Hz in 12.90s
completed 1059.463094359 Hz in 12.64s
completed 1334.839854170 Hz in 13.21s
completed 1259.921049895 Hz in 13.17s
completed 1189.207115003 Hz in 13.26s
completed 1122.462048309 Hz in 13.28s
completed 1000.000000000 Hz in 13.45s
completed 943.874312682 Hz in 13.50s
completed 840.896415254 Hz in 21.58s
completed 890.898718140 Hz in 21.76s
completed 793.700525984 Hz in 20.40s
completed 629.960524947 Hz in 19.65s
completed 749.153538438 Hz in 20.59s
completed 707.106781187 Hz in 20.36s
completed 529.731547180 Hz in 19.84s
completed 667.419927085 Hz in 20.01s
completed 561.231024155 Hz in 20.00s
completed 594.603557501 Hz in 20.10s
completed 500.000000000 Hz in 20.38s
Could not find Gmsh.Interactive plotting and shapes module not available.
NumCalc plan: 20 single-thread frequency processes; 0.340 GiB/process including headroom; 48.0 GiB limit; 49 pending
completed 7127.189745123 Hz in 10.71s
completed 4000.000000000 Hz in 10.78s
completed 5993.228307507 Hz in 10.92s
completed 6727.171322030 Hz in 10.96s
completed 4489.848193237 Hz in 10.91s
completed 6349.604207873 Hz in 10.98s
completed 3775.497250727 Hz in 10.82s
completed 5339.359416680 Hz in 10.93s
completed 4237.852377437 Hz in 10.94s
completed 5039.684199579 Hz in 10.96s
completed 5656.854249492 Hz in 11.06s
completed 3563.594872561 Hz in 10.99s
completed 8000.000000000 Hz in 11.10s
completed 7550.994501454 Hz in 11.13s
completed 4756.828460011 Hz in 11.08s
completed 3363.585661015 Hz in 11.01s
completed 2996.614153753 Hz in 11.09s
completed 2828.427124746 Hz in 11.17s
completed 2669.679708340 Hz in 11.40s
completed 3174.802103936 Hz in 11.47s
completed 2519.842099790 Hz in 11.42s
completed 2118.926188719 Hz in 11.75s
completed 2244.924096619 Hz in 11.81s
completed 2378.414230005 Hz in 11.85s
completed 2000.000000000 Hz in 11.82s
completed 1887.748625363 Hz in 11.81s
completed 1781.797436281 Hz in 11.84s
completed 1587.401051968 Hz in 11.79s
completed 1681.792830507 Hz in 11.90s
completed 1334.839854170 Hz in 12.19s
completed 1498.307076877 Hz in 12.28s
completed 1259.921049895 Hz in 12.43s
completed 1414.213562373 Hz in 12.53s
completed 1059.463094359 Hz in 12.42s
completed 1122.462048309 Hz in 12.51s
completed 1189.207115003 Hz in 12.60s
completed 1000.000000000 Hz in 12.55s
completed 943.874312682 Hz in 13.11s
completed 840.896415254 Hz in 21.84s
completed 890.898718140 Hz in 22.52s
completed 629.960524947 Hz in 20.43s
completed 667.419927085 Hz in 20.50s
completed 707.106781187 Hz in 20.63s
completed 793.700525984 Hz in 21.24s
completed 529.731547180 Hz in 20.55s
completed 594.603557501 Hz in 20.61s
completed 749.153538438 Hz in 20.86s
completed 500.000000000 Hz in 20.70s
completed 561.231024155 Hz in 20.85s
search report: examples/mouth-size-coverage-grid/25deg/250x250/search_report.html
status: complete
finished examples/mouth-size-coverage-grid/25deg/250x250 rc=0
examples/mouth-size-coverage-grid/index.html
starting examples/mouth-size-coverage-grid/35deg/200x200
Could not find Gmsh.Interactive plotting and shapes module not available.
Could not find Gmsh.Interactive plotting and shapes module not available.
NumCalc plan: 20 single-thread frequency processes; 0.295 GiB/process including headroom; 48.0 GiB limit; 49 pending
completed 5039.684199579 Hz in 7.72s
completed 6349.604207873 Hz in 7.80s
completed 4000.000000000 Hz in 7.74s
completed 4237.852377437 Hz in 7.81s
completed 5339.359416680 Hz in 7.90s
completed 3775.497250727 Hz in 7.86s
completed 4756.828460011 Hz in 7.91s
completed 5656.854249492 Hz in 7.96s
completed 5993.228307507 Hz in 7.96s
completed 8000.000000000 Hz in 8.04s
completed 7550.994501454 Hz in 8.10s
completed 4489.848193237 Hz in 7.98s
completed 6727.171322030 Hz in 8.11s
completed 7127.189745123 Hz in 8.13s
completed 3363.585661015 Hz in 7.99s
completed 3563.594872561 Hz in 8.04s
completed 3174.802103936 Hz in 8.25s
completed 2996.614153753 Hz in 8.33s
completed 2828.427124746 Hz in 8.42s
completed 2669.679708340 Hz in 8.50s
completed 2000.000000000 Hz in 8.01s
completed 2519.842099790 Hz in 8.23s
completed 2118.926188719 Hz in 8.20s
completed 2244.924096619 Hz in 8.25s
completed 2378.414230005 Hz in 8.31s
completed 1887.748625363 Hz in 8.29s
completed 1781.797436281 Hz in 8.33s
completed 1587.401051968 Hz in 8.35s
completed 1681.792830507 Hz in 8.41s
completed 1414.213562373 Hz in 8.42s
completed 1334.839854170 Hz in 8.43s
completed 1498.307076877 Hz in 8.50s
completed 1189.207115003 Hz in 8.51s
completed 1259.921049895 Hz in 8.53s
completed 1122.462048309 Hz in 15.06s
completed 1059.463094359 Hz in 15.10s
completed 1000.000000000 Hz in 15.29s
completed 943.874312682 Hz in 15.31s
completed 890.898718140 Hz in 15.25s
completed 840.896415254 Hz in 15.32s
completed 793.700525984 Hz in 14.11s
completed 749.153538438 Hz in 14.10s
completed 667.419927085 Hz in 14.06s
completed 707.106781187 Hz in 14.17s
completed 561.231024155 Hz in 14.01s
completed 594.603557501 Hz in 14.18s
completed 629.960524947 Hz in 14.28s
completed 529.731547180 Hz in 14.15s
completed 500.000000000 Hz in 14.22s
Could not find Gmsh.Interactive plotting and shapes module not available.
NumCalc plan: 20 single-thread frequency processes; 0.325 GiB/process including headroom; 48.0 GiB limit; 49 pending
completed 4000.000000000 Hz in 9.86s
completed 3775.497250727 Hz in 10.05s
completed 4237.852377437 Hz in 9.98s
completed 7127.189745123 Hz in 10.09s
completed 3563.594872561 Hz in 10.11s
completed 4756.828460011 Hz in 10.24s
completed 5039.684199579 Hz in 10.21s
completed 5656.854249492 Hz in 10.29s
completed 5339.359416680 Hz in 10.24s
completed 7550.994501454 Hz in 10.31s
completed 4489.848193237 Hz in 10.36s
completed 8000.000000000 Hz in 10.43s
completed 6727.171322030 Hz in 10.40s
completed 3363.585661015 Hz in 10.34s
completed 6349.604207873 Hz in 10.44s
completed 2996.614153753 Hz in 10.35s
completed 5993.228307507 Hz in 10.47s
completed 3174.802103936 Hz in 10.42s
completed 2669.679708340 Hz in 10.51s
completed 2828.427124746 Hz in 10.59s
completed 2519.842099790 Hz in 10.05s
completed 2244.924096619 Hz in 10.32s
completed 2118.926188719 Hz in 10.35s
completed 2000.000000000 Hz in 10.28s
completed 2378.414230005 Hz in 10.52s
completed 1681.792830507 Hz in 10.30s
completed 1781.797436281 Hz in 10.49s
completed 1887.748625363 Hz in 10.61s
completed 1334.839854170 Hz in 10.57s
completed 1587.401051968 Hz in 10.70s
completed 1498.307076877 Hz in 10.81s
completed 1122.462048309 Hz in 10.65s
completed 1414.213562373 Hz in 10.89s
completed 1259.921049895 Hz in 10.92s
completed 1189.207115003 Hz in 10.92s
completed 1059.463094359 Hz in 19.37s
completed 1000.000000000 Hz in 19.37s
completed 840.896415254 Hz in 19.35s
completed 943.874312682 Hz in 19.84s
completed 890.898718140 Hz in 19.86s
completed 793.700525984 Hz in 18.27s
completed 749.153538438 Hz in 18.30s
completed 629.960524947 Hz in 18.16s
completed 707.106781187 Hz in 18.45s
completed 594.603557501 Hz in 18.29s
completed 529.731547180 Hz in 18.09s
completed 667.419927085 Hz in 18.50s
completed 561.231024155 Hz in 18.30s
completed 500.000000000 Hz in 18.16s
Could not find Gmsh.Interactive plotting and shapes module not available.
NumCalc plan: 20 single-thread frequency processes; 0.327 GiB/process including headroom; 48.0 GiB limit; 49 pending
completed 5993.228307507 Hz in 8.29s
completed 5339.359416680 Hz in 8.43s
completed 4756.828460011 Hz in 8.50s
completed 4489.848193237 Hz in 8.52s
completed 5039.684199579 Hz in 8.67s
completed 4000.000000000 Hz in 8.61s
completed 4237.852377437 Hz in 8.67s
completed 3775.497250727 Hz in 8.72s
completed 7550.994501454 Hz in 8.85s
completed 5656.854249492 Hz in 8.85s
completed 7127.189745123 Hz in 8.86s
completed 8000.000000000 Hz in 8.94s
completed 3363.585661015 Hz in 8.87s
completed 6727.171322030 Hz in 9.05s
completed 6349.604207873 Hz in 9.05s
completed 3563.594872561 Hz in 9.04s
completed 2669.679708340 Hz in 9.02s
completed 2828.427124746 Hz in 9.13s
completed 2996.614153753 Hz in 9.17s
completed 3174.802103936 Hz in 9.26s
completed 2519.842099790 Hz in 8.54s
completed 2378.414230005 Hz in 8.65s
completed 2118.926188719 Hz in 8.71s
completed 1781.797436281 Hz in 8.82s
completed 1887.748625363 Hz in 8.84s
completed 2244.924096619 Hz in 9.06s
completed 2000.000000000 Hz in 9.05s
completed 1587.401051968 Hz in 9.17s
completed 1681.792830507 Hz in 9.25s
completed 1334.839854170 Hz in 9.24s
completed 1414.213562373 Hz in 9.31s
completed 1189.207115003 Hz in 9.20s
completed 1498.307076877 Hz in 9.38s
completed 1259.921049895 Hz in 9.32s
completed 1122.462048309 Hz in 9.41s
completed 1059.463094359 Hz in 17.77s
completed 840.896415254 Hz in 17.52s
completed 1000.000000000 Hz in 17.76s
completed 943.874312682 Hz in 17.74s
completed 890.898718140 Hz in 17.75s
completed 793.700525984 Hz in 16.13s
completed 749.153538438 Hz in 16.45s
completed 707.106781187 Hz in 16.36s
completed 667.419927085 Hz in 16.40s
completed 629.960524947 Hz in 16.41s
completed 594.603557501 Hz in 16.41s
completed 529.731547180 Hz in 16.13s
completed 561.231024155 Hz in 16.43s
completed 500.000000000 Hz in 16.60s
Could not find Gmsh.Interactive plotting and shapes module not available.
NumCalc plan: 20 single-thread frequency processes; 0.284 GiB/process including headroom; 48.0 GiB limit; 49 pending
completed 4000.000000000 Hz in 7.38s
completed 8000.000000000 Hz in 7.62s
completed 4756.828460011 Hz in 7.64s
completed 3775.497250727 Hz in 7.54s
completed 4237.852377437 Hz in 7.57s
completed 5339.359416680 Hz in 7.69s
completed 5039.684199579 Hz in 7.68s
completed 3563.594872561 Hz in 7.64s
completed 6349.604207873 Hz in 7.73s
completed 7550.994501454 Hz in 7.82s
completed 4489.848193237 Hz in 7.73s
completed 5993.228307507 Hz in 7.80s
completed 6727.171322030 Hz in 7.80s
completed 7127.189745123 Hz in 7.84s
completed 5656.854249492 Hz in 7.87s
completed 3363.585661015 Hz in 7.76s
completed 2669.679708340 Hz in 7.75s
completed 3174.802103936 Hz in 7.85s
completed 2828.427124746 Hz in 7.88s
completed 2996.614153753 Hz in 7.91s
completed 2244.924096619 Hz in 7.36s
completed 2519.842099790 Hz in 7.51s
completed 1781.797436281 Hz in 7.38s
completed 2118.926188719 Hz in 7.74s
completed 2000.000000000 Hz in 7.80s
completed 2378.414230005 Hz in 7.93s
completed 1681.792830507 Hz in 7.80s
completed 1887.748625363 Hz in 7.90s
completed 1498.307076877 Hz in 7.98s
completed 1334.839854170 Hz in 8.01s
completed 1587.401051968 Hz in 8.17s
completed 1259.921049895 Hz in 8.09s
completed 1414.213562373 Hz in 8.17s
completed 1189.207115003 Hz in 8.20s
completed 1122.462048309 Hz in 14.50s
completed 1059.463094359 Hz in 14.52s
completed 1000.000000000 Hz in 14.56s
completed 943.874312682 Hz in 14.53s
completed 890.898718140 Hz in 14.49s
completed 840.896415254 Hz in 14.56s
completed 793.700525984 Hz in 13.51s
completed 749.153538438 Hz in 13.53s
completed 707.106781187 Hz in 13.67s
completed 667.419927085 Hz in 13.61s
completed 629.960524947 Hz in 13.52s
completed 594.603557501 Hz in 13.56s
completed 561.231024155 Hz in 13.58s
completed 529.731547180 Hz in 13.63s
completed 500.000000000 Hz in 13.95s
Could not find Gmsh.Interactive plotting and shapes module not available.
NumCalc plan: 20 single-thread frequency processes; 0.269 GiB/process including headroom; 48.0 GiB limit; 49 pending
completed 4000.000000000 Hz in 7.10s
completed 4489.848193237 Hz in 7.15s
completed 4237.852377437 Hz in 7.19s
completed 5339.359416680 Hz in 7.29s
completed 3775.497250727 Hz in 7.26s
completed 6349.604207873 Hz in 7.37s
completed 5993.228307507 Hz in 7.43s
completed 7127.189745123 Hz in 7.52s
completed 5039.684199579 Hz in 7.48s
completed 3563.594872561 Hz in 7.39s
completed 4756.828460011 Hz in 7.42s
completed 8000.000000000 Hz in 7.59s
completed 6727.171322030 Hz in 7.57s
completed 7550.994501454 Hz in 7.61s
completed 3174.802103936 Hz in 7.45s
completed 5656.854249492 Hz in 7.61s
completed 2996.614153753 Hz in 7.56s
completed 2828.427124746 Hz in 7.60s
completed 2669.679708340 Hz in 7.67s
completed 3363.585661015 Hz in 7.75s
completed 2519.842099790 Hz in 7.17s
completed 2118.926188719 Hz in 7.14s
completed 2378.414230005 Hz in 7.31s
completed 2244.924096619 Hz in 7.53s
completed 2000.000000000 Hz in 7.53s
completed 1887.748625363 Hz in 7.53s
completed 1681.792830507 Hz in 7.60s
completed 1781.797436281 Hz in 7.78s
completed 1587.401051968 Hz in 7.77s
completed 1414.213562373 Hz in 7.78s
completed 1498.307076877 Hz in 7.93s
completed 1334.839854170 Hz in 7.91s
completed 1189.207115003 Hz in 7.91s
completed 1259.921049895 Hz in 7.95s
completed 1122.462048309 Hz in 13.83s
completed 890.898718140 Hz in 13.79s
completed 943.874312682 Hz in 13.92s
completed 1059.463094359 Hz in 14.09s
completed 840.896415254 Hz in 13.89s
completed 1000.000000000 Hz in 14.17s
completed 793.700525984 Hz in 13.07s
completed 707.106781187 Hz in 13.09s
completed 749.153538438 Hz in 13.18s
completed 667.419927085 Hz in 13.01s
completed 629.960524947 Hz in 13.02s
completed 594.603557501 Hz in 13.01s
completed 529.731547180 Hz in 12.89s
completed 500.000000000 Hz in 12.81s
completed 561.231024155 Hz in 13.16s
search report: examples/mouth-size-coverage-grid/35deg/200x200/search_report.html
status: complete
finished examples/mouth-size-coverage-grid/35deg/200x200 rc=0
examples/mouth-size-coverage-grid/index.html
starting examples/mouth-size-coverage-grid/35deg/250x250
Could not find Gmsh.Interactive plotting and shapes module not available.
Could not find Gmsh.Interactive plotting and shapes module not available.
NumCalc plan: 20 single-thread frequency processes; 0.410 GiB/process including headroom; 48.0 GiB limit; 49 pending
completed 4489.848193237 Hz in 12.19s
completed 4237.852377437 Hz in 12.18s
completed 7127.189745123 Hz in 12.26s
completed 5339.359416680 Hz in 12.30s
completed 7550.994501454 Hz in 12.35s
completed 3775.497250727 Hz in 12.31s
completed 4756.828460011 Hz in 12.36s
completed 5656.854249492 Hz in 12.37s
completed 3563.594872561 Hz in 12.39s
completed 5039.684199579 Hz in 12.46s
completed 8000.000000000 Hz in 12.52s
completed 3174.802103936 Hz in 12.42s
completed 6727.171322030 Hz in 12.49s
completed 4000.000000000 Hz in 12.35s
completed 5993.228307507 Hz in 12.57s
completed 6349.604207873 Hz in 12.67s
completed 3363.585661015 Hz in 12.70s
completed 2828.427124746 Hz in 12.75s
completed 2996.614153753 Hz in 12.88s
completed 2669.679708340 Hz in 13.06s
completed 2519.842099790 Hz in 12.77s
completed 2244.924096619 Hz in 12.75s
completed 2378.414230005 Hz in 13.01s
completed 2118.926188719 Hz in 13.25s
completed 2000.000000000 Hz in 13.55s
completed 1498.307076877 Hz in 13.70s
completed 1059.463094359 Hz in 13.61s
completed 1781.797436281 Hz in 13.92s
completed 1259.921049895 Hz in 13.81s
completed 1189.207115003 Hz in 13.83s
completed 1681.792830507 Hz in 13.96s
completed 1414.213562373 Hz in 13.92s
completed 1334.839854170 Hz in 13.94s
completed 1887.748625363 Hz in 14.11s
completed 1122.462048309 Hz in 13.84s
completed 1587.401051968 Hz in 14.09s
completed 943.874312682 Hz in 14.03s
completed 1000.000000000 Hz in 14.27s
completed 890.898718140 Hz in 25.31s
completed 840.896415254 Hz in 25.24s
completed 793.700525984 Hz in 24.50s
completed 749.153538438 Hz in 24.54s
completed 629.960524947 Hz in 23.89s
completed 500.000000000 Hz in 23.63s
completed 707.106781187 Hz in 24.77s
completed 667.419927085 Hz in 24.54s
completed 561.231024155 Hz in 23.81s
completed 529.731547180 Hz in 24.16s
completed 594.603557501 Hz in 24.37s
Could not find Gmsh.Interactive plotting and shapes module not available.
NumCalc plan: 20 single-thread frequency processes; 0.523 GiB/process including headroom; 48.0 GiB limit; 49 pending
completed 4489.848193237 Hz in 15.57s
completed 4000.000000000 Hz in 15.79s
completed 3775.497250727 Hz in 15.81s
completed 4756.828460011 Hz in 16.00s
completed 6727.171322030 Hz in 16.05s
completed 5339.359416680 Hz in 16.07s
completed 6349.604207873 Hz in 16.13s
completed 7127.189745123 Hz in 16.25s
completed 3563.594872561 Hz in 16.17s
completed 5039.684199579 Hz in 16.39s
completed 3363.585661015 Hz in 16.25s
completed 4237.852377437 Hz in 16.36s
completed 5993.228307507 Hz in 16.52s
completed 2996.614153753 Hz in 16.38s
completed 5656.854249492 Hz in 16.45s
completed 2669.679708340 Hz in 16.42s
completed 3174.802103936 Hz in 16.47s
completed 2828.427124746 Hz in 16.54s
completed 7550.994501454 Hz in 16.73s
completed 8000.000000000 Hz in 17.10s
completed 2378.414230005 Hz in 16.19s
completed 2118.926188719 Hz in 16.64s
completed 2519.842099790 Hz in 17.01s
completed 2244.924096619 Hz in 16.82s
completed 2000.000000000 Hz in 16.74s
completed 1781.797436281 Hz in 16.87s
completed 1587.401051968 Hz in 16.76s
completed 1498.307076877 Hz in 16.84s
completed 1887.748625363 Hz in 17.24s
completed 1681.792830507 Hz in 17.17s
completed 1059.463094359 Hz in 17.06s
completed 1122.462048309 Hz in 17.15s
completed 1189.207115003 Hz in 17.28s
completed 1334.839854170 Hz in 17.39s
completed 1259.921049895 Hz in 17.39s
completed 1414.213562373 Hz in 17.51s
completed 943.874312682 Hz in 17.46s
completed 1000.000000000 Hz in 17.62s
completed 890.898718140 Hz in 17.58s
completed 840.896415254 Hz in 36.14s
completed 793.700525984 Hz in 34.86s
completed 629.960524947 Hz in 34.24s
completed 749.153538438 Hz in 34.58s
completed 529.731547180 Hz in 34.18s
completed 561.231024155 Hz in 34.39s
completed 707.106781187 Hz in 34.76s
completed 500.000000000 Hz in 34.14s
completed 667.419927085 Hz in 35.02s
completed 594.603557501 Hz in 34.98s
Could not find Gmsh.Interactive plotting and shapes module not available.
NumCalc plan: 20 single-thread frequency processes; 0.455 GiB/process including headroom; 48.0 GiB limit; 49 pending
completed 4000.000000000 Hz in 13.21s
completed 5339.359416680 Hz in 13.62s
completed 4237.852377437 Hz in 13.57s
completed 6349.604207873 Hz in 13.67s
completed 7127.189745123 Hz in 13.66s
completed 5993.228307507 Hz in 13.79s
completed 3775.497250727 Hz in 13.73s
completed 4756.828460011 Hz in 13.83s
completed 8000.000000000 Hz in 13.88s
completed 5039.684199579 Hz in 13.88s
completed 3563.594872561 Hz in 13.83s
completed 5656.854249492 Hz in 13.97s
completed 6727.171322030 Hz in 14.06s
completed 7550.994501454 Hz in 14.06s
completed 2996.614153753 Hz in 13.96s
completed 3174.802103936 Hz in 14.00s
completed 4489.848193237 Hz in 14.16s
completed 2669.679708340 Hz in 14.07s
completed 2828.427124746 Hz in 14.23s
completed 3363.585661015 Hz in 14.36s
completed 2519.842099790 Hz in 14.04s
completed 2378.414230005 Hz in 14.61s
completed 2000.000000000 Hz in 14.52s
completed 1681.792830507 Hz in 14.61s
completed 2244.924096619 Hz in 14.87s
completed 2118.926188719 Hz in 14.85s
completed 1498.307076877 Hz in 14.82s
completed 1887.748625363 Hz in 15.07s
completed 1587.401051968 Hz in 15.17s
completed 1781.797436281 Hz in 15.25s
completed 1414.213562373 Hz in 15.22s
completed 1334.839854170 Hz in 15.38s
completed 1189.207115003 Hz in 15.34s
completed 1259.921049895 Hz in 15.42s
completed 890.898718140 Hz in 15.12s
completed 1059.463094359 Hz in 15.41s
completed 1122.462048309 Hz in 15.47s
completed 1000.000000000 Hz in 15.70s
completed 943.874312682 Hz in 15.71s
completed 840.896415254 Hz in 28.76s
completed 793.700525984 Hz in 26.71s
completed 707.106781187 Hz in 26.78s
completed 667.419927085 Hz in 26.67s
completed 561.231024155 Hz in 26.59s
completed 749.153538438 Hz in 27.21s
completed 629.960524947 Hz in 27.16s
completed 594.603557501 Hz in 27.25s
completed 529.731547180 Hz in 26.99s
completed 500.000000000 Hz in 26.81s
Could not find Gmsh.Interactive plotting and shapes module not available.
NumCalc plan: 20 single-thread frequency processes; 0.407 GiB/process including headroom; 48.0 GiB limit; 49 pending
completed 4000.000000000 Hz in 11.94s
completed 4756.828460011 Hz in 12.04s
completed 6349.604207873 Hz in 12.12s
completed 5039.684199579 Hz in 11.99s
completed 4489.848193237 Hz in 12.04s
completed 4237.852377437 Hz in 12.08s
completed 5656.854249492 Hz in 12.15s
completed 3775.497250727 Hz in 12.19s
completed 7550.994501454 Hz in 12.29s
completed 7127.189745123 Hz in 12.27s
completed 5339.359416680 Hz in 12.29s
completed 3363.585661015 Hz in 12.21s
completed 5993.228307507 Hz in 12.38s
completed 3563.594872561 Hz in 12.28s
completed 6727.171322030 Hz in 12.34s
completed 2996.614153753 Hz in 12.29s
completed 2828.427124746 Hz in 12.29s
completed 3174.802103936 Hz in 12.51s
completed 8000.000000000 Hz in 12.75s
completed 2669.679708340 Hz in 12.52s
completed 2378.414230005 Hz in 12.37s
completed 2519.842099790 Hz in 12.48s
completed 2244.924096619 Hz in 12.63s
completed 2118.926188719 Hz in 12.64s
completed 2000.000000000 Hz in 12.74s
completed 1498.307076877 Hz in 12.73s
completed 1781.797436281 Hz in 12.86s
completed 1587.401051968 Hz in 12.83s
completed 1681.792830507 Hz in 12.89s
completed 1887.748625363 Hz in 13.03s
completed 1414.213562373 Hz in 12.90s
completed 1334.839854170 Hz in 13.14s
completed 1189.207115003 Hz in 13.18s
completed 1259.921049895 Hz in 13.29s
completed 1059.463094359 Hz in 13.25s
completed 1000.000000000 Hz in 13.26s
completed 1122.462048309 Hz in 13.35s
completed 943.874312682 Hz in 13.24s
completed 840.896415254 Hz in 22.85s
completed 890.898718140 Hz in 22.96s
completed 749.153538438 Hz in 21.47s
completed 793.700525984 Hz in 21.74s
completed 707.106781187 Hz in 21.70s
completed 561.231024155 Hz in 21.40s
completed 667.419927085 Hz in 21.82s
completed 629.960524947 Hz in 21.73s
completed 500.000000000 Hz in 21.52s
completed 594.603557501 Hz in 21.70s
completed 529.731547180 Hz in 21.67s
Could not find Gmsh.Interactive plotting and shapes module not available.
NumCalc plan: 20 single-thread frequency processes; 0.398 GiB/process including headroom; 48.0 GiB limit; 49 pending
completed 4000.000000000 Hz in 11.27s
completed 6727.171322030 Hz in 11.55s
completed 4756.828460011 Hz in 11.52s
completed 7127.189745123 Hz in 11.56s
completed 7550.994501454 Hz in 11.66s
completed 5993.228307507 Hz in 11.71s
completed 5339.359416680 Hz in 11.62s
completed 6349.604207873 Hz in 11.68s
completed 4237.852377437 Hz in 11.60s
completed 4489.848193237 Hz in 11.70s
completed 3775.497250727 Hz in 11.69s
completed 5039.684199579 Hz in 11.80s
completed 3563.594872561 Hz in 11.72s
completed 3363.585661015 Hz in 11.78s
completed 5656.854249492 Hz in 11.87s
completed 3174.802103936 Hz in 11.95s
completed 2996.614153753 Hz in 11.92s
completed 8000.000000000 Hz in 12.26s
completed 2828.427124746 Hz in 12.13s
completed 2669.679708340 Hz in 12.22s
completed 2519.842099790 Hz in 12.06s
completed 2244.924096619 Hz in 12.01s
completed 2378.414230005 Hz in 12.15s
completed 1887.748625363 Hz in 12.07s
completed 2118.926188719 Hz in 12.33s
completed 1498.307076877 Hz in 12.23s
completed 1414.213562373 Hz in 12.31s
completed 1781.797436281 Hz in 12.40s
completed 1681.792830507 Hz in 12.40s
completed 2000.000000000 Hz in 12.64s
completed 1587.401051968 Hz in 12.60s
completed 1189.207115003 Hz in 12.47s
completed 1334.839854170 Hz in 12.55s
completed 1259.921049895 Hz in 12.67s
completed 1000.000000000 Hz in 12.57s
completed 1122.462048309 Hz in 12.94s
completed 943.874312682 Hz in 12.77s
completed 1059.463094359 Hz in 13.00s
completed 890.898718140 Hz in 23.45s
completed 840.896415254 Hz in 23.78s
completed 749.153538438 Hz in 22.17s
completed 793.700525984 Hz in 22.38s
completed 667.419927085 Hz in 22.22s
completed 594.603557501 Hz in 22.08s
completed 500.000000000 Hz in 22.13s
completed 629.960524947 Hz in 22.40s
completed 529.731547180 Hz in 22.20s
completed 707.106781187 Hz in 22.84s
completed 561.231024155 Hz in 22.44s
search report: examples/mouth-size-coverage-grid/35deg/250x250/search_report.html
status: complete
finished examples/mouth-size-coverage-grid/35deg/250x250 rc=0
examples/mouth-size-coverage-grid/index.html
launcher finished rc=0
